[17/Aug/2026 09:40:30] "GET /admin/login/?next=http%3A%2F%2F103.141.141.24%3A18001%2F%23%2Fadmin%2Fscraper%2Fview HTTP/1.1" 200 2314
[17/Aug/2026 09:40:30] "POST /admin/login/?next=http%3A%2F%2F103.141.141.24%3A18001%2F%23%2Fadmin%2Fscraper%2Fview HTTP/1.1" 302 0
[17/Aug/2026 09:40:30] "GET /admin/login/ HTTP/1.1" 200 2201
[17/Aug/2026 09:40:30] "POST /admin/login/ HTTP/1.1" 302 0
[17/Aug/2026 09:40:30] "GET /api/authentication/getUser HTTP/1.1" 200 103
[17/Aug/2026 09:43:39] "GET /api/authentication/getUser HTTP/1.1" 200 103
[17/Aug/2026 09:43:39] "GET /api/authentication/getUser HTTP/1.1" 200 103
[17/Aug/2026 09:43:39] "POST /api/scraper/filter HTTP/1.1" 200 64
[17/Aug/2026 09:43:43] "POST /api/scrapercoin/read HTTP/1.1" 200 64
[17/Aug/2026 09:43:44] "POST /api/scrapercoin/read HTTP/1.1" 200 64
[17/Aug/2026 09:43:45] "POST /api/scraper/read HTTP/1.1" 200 64
[17/Aug/2026 09:43:45] "POST /api/scraperSystem/read HTTP/1.1" 200 64
[17/Aug/2026 09:43:45] "POST /api/scraperprocess/filter HTTP/1.1" 200 64
[17/Aug/2026 09:43:46] "POST /api/realtime/getListAccount HTTP/1.1" 200 50
[17/Aug/2026 09:43:46] "POST /api/realtime/getListSymbol HTTP/1.1" 200 50
[17/Aug/2026 09:43:51] "POST /backtest/chart/getListAccount HTTP/1.1" 200 26532
[17/Aug/2026 09:43:51] "POST /backtest/chart/getListSymbol HTTP/1.1" 200 12607
[17/Aug/2026 09:43:51] "GET /public/plot/backtest_283_LRCUSDT_2026_08_17.html?id=1786959831047 HTTP/1.1" 404 1905
[17/Aug/2026 09:43:56] "GET /public/plot/backtest_287_LRCUSDT_2026_08_17.html?id=1786959836703 HTTP/1.1" 404 1905
[17/Aug/2026 09:43:59] "POST /api/scraper/filter HTTP/1.1" 200 64
[17/Aug/2026 09:44:59] "POST /api/scraper/filter HTTP/1.1" 200 64
[17/Aug/2026 09:45:59] "POST /api/scraper/filter HTTP/1.1" 200 64
[17/Aug/2026 09:46:59] "POST /api/scraper/filter HTTP/1.1" 200 64
[17/Aug/2026 09:47:09] "GET /api/authentication/getUser HTTP/1.1" 200 71
[17/Aug/2026 09:47:09] "GET /admin/login/?next=http%3A%2F%2F103.141.141.24%3A18001%2F%23%2F HTTP/1.1" 200 2274
[17/Aug/2026 09:47:09] "GET /admin/login/?next=http%3A%2F%2F103.141.141.24%3A18001%2F%23%2Fadmin%2Fscraper%2Fview HTTP/1.1" 200 2314
[17/Aug/2026 09:47:09] "GET /public/admin/css/base.css HTTP/1.1" 200 19513
[17/Aug/2026 09:47:09] "GET /public/admin/css/login.css HTTP/1.1" 200 939
[17/Aug/2026 09:47:09] "GET /public/admin/css/responsive.css HTTP/1.1" 200 18545
[17/Aug/2026 09:47:09] "GET /public/admin/css/nav_sidebar.css HTTP/1.1" 200 2271
[17/Aug/2026 09:47:09] "GET /public/admin/js/nav_sidebar.js HTTP/1.1" 200 1360
[17/Aug/2026 09:47:09] "GET /public/admin/css/fonts.css HTTP/1.1" 200 423
[17/Aug/2026 09:47:09] "GET /public/admin/fonts/Roboto-Light-webfont.woff HTTP/1.1" 200 85692
[17/Aug/2026 09:47:09] "GET /public/admin/fonts/Roboto-Regular-webfont.woff HTTP/1.1" 200 85876
[17/Aug/2026 09:47:12] "POST /admin/login/?next=http%3A%2F%2F103.141.141.24%3A18001%2F%23%2Fadmin%2Fscraper%2Fview HTTP/1.1" 302 0
[17/Aug/2026 09:47:12] "GET /api/authentication/getUser HTTP/1.1" 200 103
[17/Aug/2026 09:47:13] "POST /api/scraper/filter HTTP/1.1" 200 64
[17/Aug/2026 09:47:19] "GET /api/authentication/getUser HTTP/1.1" 200 103
[17/Aug/2026 09:47:20] "POST /backtest/chart/getListAccount HTTP/1.1" 200 26532
[17/Aug/2026 09:47:20] "POST /backtest/chart/getListSymbol HTTP/1.1" 200 12607
[17/Aug/2026 09:47:20] "GET /public/plot/backtest_283_LRCUSDT_2026_08_17.html?id=1786960040466 HTTP/1.1" 404 1905
[17/Aug/2026 09:47:28] "GET /api/authentication/getUser HTTP/1.1" 200 103
[17/Aug/2026 09:47:28] "POST /api/realtime/getListAccount HTTP/1.1" 200 50
[17/Aug/2026 09:47:28] "POST /api/realtime/getListSymbol HTTP/1.1" 200 50
[17/Aug/2026 09:47:59] "POST /api/scraper/filter HTTP/1.1" 200 64
[17/Aug/2026 09:48:59] "POST /api/scraper/filter HTTP/1.1" 200 64
[17/Aug/2026 09:49:59] "POST /api/scraper/filter HTTP/1.1" 200 64
[17/Aug/2026 09:51:00] "POST /api/scraper/filter HTTP/1.1" 200 64
[17/Aug/2026 09:52:26] "POST /api/scraper/filter HTTP/1.1" 200 64
[17/Aug/2026 09:53:52] "POST /api/scraper/filter HTTP/1.1" 200 64
[17/Aug/2026 09:56:58] "POST /api/scraper/filter HTTP/1.1" 200 64
[17/Aug/2026 10:09:43] "POST /api/scraper/filter HTTP/1.1" 200 64
[17/Aug/2026 10:10:43] "POST /api/scraper/filter HTTP/1.1" 200 64
[17/Aug/2026 10:11:57] "POST /api/scraper/filter HTTP/1.1" 200 64
[17/Aug/2026 10:13:42] "POST /api/scraper/filter HTTP/1.1" 200 64
[17/Aug/2026 10:15:59] "POST /api/scraper/filter HTTP/1.1" 200 64
[17/Aug/2026 10:18:25] "POST /api/scraper/filter HTTP/1.1" 200 64
[18/Aug/2026 01:02:59] "GET /api/authentication/getUser HTTP/1.1" 200 71
Invalid HTTP_HOST header: 'test.qhome.com.vn:18001'. You may need to add 'test.qhome.com.vn' to ALLOWED_HOSTS.
Bad Request: /api/authentication/getUser
[18/Aug/2026 01:03:04] "GET /api/authentication/getUser HTTP/1.1" 400 96550
[18/Aug/2026 01:03:06] "GET /admin/login/?next=http%3A%2F%2F103.141.141.24%3A18001%2F%23%2F HTTP/1.1" 200 2274
[18/Aug/2026 01:03:09] "GET /public/admin/js/nav_sidebar.js HTTP/1.1" 200 1360
Invalid HTTP_HOST header: 'client.qhome.com.vn:18001'. You may need to add 'client.qhome.com.vn' to ALLOWED_HOSTS.
Bad Request: /api/authentication/getUser
[18/Aug/2026 01:03:40] "GET /api/authentication/getUser HTTP/1.1" 400 96586
Invalid HTTP_HOST header: 'backoffice.qhome.com.vn:18001'. You may need to add 'backoffice.qhome.com.vn' to ALLOWED_HOSTS.
Bad Request: /api/authentication/getUser
[18/Aug/2026 01:04:37] "GET /api/authentication/getUser HTTP/1.1" 400 96646
[18/Aug/2026 12:21:22] "GET /api/authentication/getUser HTTP/1.1" 200 71
[18/Aug/2026 12:21:23] "GET /admin/login/?next=http%3A%2F%2F103.141.141.24%3A18001%2F%23%2Fadmin%2Fscraper%2Fview HTTP/1.1" 200 2314
[18/Aug/2026 12:21:24] "GET /public/admin/css/base.css HTTP/1.1" 200 19513
[18/Aug/2026 12:21:24] "GET /public/admin/css/nav_sidebar.css HTTP/1.1" 200 2271
[18/Aug/2026 12:21:24] "GET /public/admin/css/login.css HTTP/1.1" 200 939
[18/Aug/2026 12:21:24] "GET /public/admin/css/responsive.css HTTP/1.1" 200 18545
[18/Aug/2026 12:21:24] "GET /public/admin/css/fonts.css HTTP/1.1" 200 423
[18/Aug/2026 12:21:24] "GET /public/admin/js/nav_sidebar.js HTTP/1.1" 200 1360
[18/Aug/2026 12:21:25] "GET /public/admin/fonts/Roboto-Light-webfont.woff HTTP/1.1" 200 85692
[18/Aug/2026 12:21:25] "GET /public/admin/fonts/Roboto-Regular-webfont.woff HTTP/1.1" 200 85876
